// Vitest Snapshot v1, https://vitest.dev/guide/snapshot.html

exports[`literals > should match the snapshot 1`] = `
{
  "ALERTS_HIDE": "ALERTS_HIDE",
  "ALERTS_SHOW": "ALERTS_SHOW",
  "GITHUB_GET_REPOS_FAILURE": "GITHUB_GET_REPOS_FAILURE",
  "GITHUB_GET_REPOS_REQUEST": "GITHUB_GET_REPOS_REQUEST",
  "GITHUB_GET_REPOS_SUCCESS": "GITHUB_GET_REPOS_SUCCESS",
  "SET_APP_OPTIONS": "SET_APP_OPTIONS",
  "USER_LOGIN_FAILURE": "USER_LOGIN_FAILURE",
  "USER_LOGIN_REQUEST": "USER_LOGIN_REQUEST",
  "USER_LOGIN_SUCCESS": "USER_LOGIN_SUCCESS",
  "USER_LOGOUT_FAILURE": "USER_LOGOUT_FAILURE",
  "USER_LOGOUT_REQUEST": "USER_LOGOUT_REQUEST",
  "USER_LOGOUT_SUCCESS": "USER_LOGOUT_SUCCESS",
}
`;

exports[`literals > should match the snapshot 2`] = `
{
  "ERROR": "error",
  "IDLE": "idle",
  "READY": "ready",
  "RUNNING": "running",
  "SUCCESS": "success",
}
`;
