// Jest Snapshot v1, https://goo.gl/fbAQLP

exports[`client request should execute a GET successfully 1`] = `
Object {
  "hello": "world",
}
`;

exports[`client request should execute a POST successfully 1`] = `""`;

exports[`client request should reject for a not found error 1`] = `undefined`;

exports[`client request should reject for a server error with JSON response 1`] = `undefined`;

exports[`client request should reject for a server error with no response 1`] = `undefined`;
