// Jest Snapshot v1, https://goo.gl/fbAQLP

exports[`modules/helpers sortByLocaleCompare should sort an array of objects ascending 1`] = `
Array [
  Object {
    "name": "Ames",
  },
  Object {
    "name": "Jim",
  },
  Object {
    "name": "Mark",
  },
]
`;

exports[`modules/helpers sortByLocaleCompare should sort an array of objects descending 1`] = `
Array [
  Object {
    "name": "Mark",
  },
  Object {
    "name": "Jim",
  },
  Object {
    "name": "Ames",
  },
]
`;

exports[`modules/helpers sortByLocaleCompare should sort an array of string in english 1`] = `
Array [
  "Asian",
  "asylum",
  "Car",
  "cart",
  "Mars",
  "Payment",
  "port",
]
`;

exports[`modules/helpers sortByLocaleCompare should sort an array of string in french 1`] = `
Array [
  "Adieu",
  "café",
  "Cliché",
  "communiqué",
  "Premier",
  "réservé",
]
`;

exports[`modules/helpers sortByLocaleCompare should sort an array of string in portuguese 1`] = `
Array [
  "tião",
  "Mãe",
  "limão",
  "côncavo",
  "cachê",
  "amô",
]
`;
