// Vitest Snapshot v1, https://vitest.dev/guide/snapshot.html

exports[`reducers/alerts > should handle ALERTS_HIDE 1`] = `
{
  "data": [],
}
`;

exports[`reducers/alerts > should handle ALERTS_SHOW 1`] = `
{
  "data": [
    {
      "icon": "info-o",
      "id": "test",
      "message": "HELLO",
      "position": "bottom-right",
      "timeout": 5,
      "type": "success",
    },
  ],
}
`;

exports[`reducers/alerts > should return the initial state 1`] = `
{
  "data": [],
}
`;
