exports[`main should match the snapshot 1`] = `
"function renderApp(RootComponent){/* istanbul ignore next */++__cov_eTax9T2rmusaTjiZjUgmZdbZEXE.f[\'1\'];var target=/* istanbul ignore next */(++__cov_eTax9T2rmusaTjiZjUgmZdbZEXE.s[\'1\'],document.getElementById(\'react\'));

/* istanbul ignore if *//* istanbul ignore next */++__cov_eTax9T2rmusaTjiZjUgmZdbZEXE.s[\'2\'];
if(target){
/* istanbul ignore next */_reactDom2.default.render(
/* istanbul ignore next */_react2.default.createElement(/* istanbul ignore next */_reactHotLoader.AppContainer,/* istanbul ignore next */null,
/* istanbul ignore next */_react2.default.createElement(RootComponent,/* istanbul ignore next */{store:/* istanbul ignore next */_store2.default,history:/* istanbul ignore next */(0,_reactRouterRedux.syncHistoryWithStore)(/* istanbul ignore next */_reactRouter.browserHistory,/* istanbul ignore next */_store2.default)})),

target);

}else/* istanbul ignore next */{++__cov_eTax9T2rmusaTjiZjUgmZdbZEXE.b[\'1\'][0];}
}"
`;
