// Jest Snapshot v1, https://goo.gl/fbAQLP

exports[`constants should match the snapshot 1`] = `
Object {
  "GITHUB_GET_REPOS": "GITHUB_GET_REPOS",
  "GITHUB_GET_REPOS_FAILURE": "GITHUB_GET_REPOS_FAILURE",
  "GITHUB_GET_REPOS_SUCCESS": "GITHUB_GET_REPOS_SUCCESS",
  "HIDE_ALERT": "HIDE_ALERT",
  "SHOW_ALERT": "SHOW_ALERT",
  "USER_LOGIN": "USER_LOGIN",
  "USER_LOGIN_FAILURE": "USER_LOGIN_FAILURE",
  "USER_LOGIN_SUCCESS": "USER_LOGIN_SUCCESS",
  "USER_LOGOUT": "USER_LOGOUT",
  "USER_LOGOUT_FAILURE": "USER_LOGOUT_FAILURE",
  "USER_LOGOUT_SUCCESS": "USER_LOGOUT_SUCCESS",
}
`;
