// Vitest Snapshot v1, https://vitest.dev/guide/snapshot.html

exports[`store > should be able to create a new store 1`] = `
{
  "_persist": {
    "rehydrated": false,
    "version": -1,
  },
  "alerts": {
    "data": [],
  },
  "app": {
    "query": "react",
  },
  "github": {
    "topics": {},
  },
  "user": {
    "isAuthenticated": false,
    "status": "idle",
  },
}
`;
