// Jest Snapshot v1, https://goo.gl/fbAQLP

exports[`GitHub should render properly 1`] = `
<GitHubWrapper
  key="GitHub"
>
  <Flex
    justifyContent="center"
  >
    <ButtonGroup
      aria-label="GitHub Selector"
      role="group"
    >
      <Button
        animate={false}
        block={false}
        data-query="react"
        disabled={false}
        onClick={[Function]}
        outline={false}
        size="lg"
        type="button"
        variant="primary"
      >
        React
      </Button>
      <Button
        animate={false}
        block={false}
        data-query="redux"
        disabled={false}
        onClick={[Function]}
        outline={true}
        size="lg"
        type="button"
        variant="primary"
      >
        Redux
      </Button>
    </ButtonGroup>
  </Flex>
  <Loader
    type="pulse"
  />
</GitHubWrapper>
`;

exports[`GitHub should render the Grid if data exists 1`] = `null`;
