// Jest Snapshot v1, https://goo.gl/fbAQLP

exports[`SystemAlerts should render all zones 1`] = `
.c1 {
  position: fixed;
  z-index: 1000;
  left: 12px;
  top: 12px;
  width: 26rem;
}

.c1 > div > * + * {
  margin-top: 12px;
}

.c2 {
  position: fixed;
  z-index: 1000;
  right: 12px;
  top: 12px;
  width: 26rem;
}

.c2 > div > * + * {
  margin-top: 12px;
}

.c3 {
  position: fixed;
  z-index: 1000;
  bottom: 12px;
  left: 12px;
  width: 26rem;
}

.c3 > div > * + * {
  margin-top: 12px;
}

.c4 {
  position: fixed;
  z-index: 1000;
  bottom: 12px;
  right: 12px;
  width: 26rem;
}

.c4 > div > * + * {
  margin-top: 12px;
}

.c0 {
  pointer-events: none;
  position: fixed;
  z-index: 1000;
}

@media (min-width:768px) {
  .c1 {
    width: 32rem;
  }
}

@media (min-width:768px) {
  .c2 {
    width: 32rem;
  }
}

@media (min-width:768px) {
  .c3 {
    width: 32rem;
  }
}

@media (min-width:768px) {
  .c4 {
    width: 32rem;
  }
}

<StyledSystemAlerts
  key="SystemAlerts"
>
  <div
    className="c0"
  >
    <TopLeft>
      <div
        className="c1"
      >
        <div
          className="transition"
        />
      </div>
    </TopLeft>
    <TopRight>
      <div
        className="c2"
      >
        <div
          className="transition"
        />
      </div>
    </TopRight>
    <BottomLeft>
      <div
        className="c3"
      >
        <div
          className="transition"
        />
      </div>
    </BottomLeft>
    <BottomRight>
      <div
        className="c4"
      >
        <div
          className="transition"
        />
      </div>
    </BottomRight>
  </div>
</StyledSystemAlerts>
`;
