// Jest Snapshot v1, https://goo.gl/fbAQLP

exports[`GitHub should render properly 1`] = `
<div data-testid="GitHubWrapper">
  <div class="Box-sc-17ftkho-0 sc-bxivhb fqsBjL">
    <div role="group"
         aria-label="GitHub Selector"
         data-testid="GitHubSelector"
         class="Box-sc-17ftkho-0 StyledButtonGroup-fvsrxr-0 bkUYrT"
    >
      <button data-query="react"
              type="button"
              class="Box-sc-17ftkho-0 Button-sc-163ts80-0 gvDtBj"
      >
        React
      </button>
      <button data-query="redux"
              type="button"
              class="Box-sc-17ftkho-0 Button-sc-163ts80-0 chQgvY"
      >
        Redux
      </button>
    </div>
  </div>
  <div color="#00b4d5"
       size="32"
       type="grow"
       class="LoaderGrow-sc-19vb2rk-0 iLaFLl"
  >
    <div>
    </div>
  </div>
</div>
`;

exports[`GitHub should render the Grid if data exists 1`] = `null`;
