// Vitest Snapshot v1, https://vitest.dev/guide/snapshot.html

exports[`NotFound > should render properly 1`] = `
<div
  class="css-146gbh6"
  data-component-name="NotFound"
>
  <div
    class="css-px2j5d"
    data-component-name="Page"
  >
    <div
      class="css-wc6egs"
      data-component-name="Box"
    >
      <div
        class="css-vacfv5"
        data-component-name="NonIdealState"
      >
        <div
          class="css-16wmnst"
          data-component-name="Box"
        >
          <span
            class="css-1oyk1n8"
            data-component-name="Icon"
            name="smile-none"
          >
            <svg
              height="64"
              src="https://cdn.jsdelivr.net/npm/css.gg/icons/svg/smile-none.svg"
              title="smile-none"
              width="64"
            />
          </span>
        </div>
        <div
          class="css-11oqjv"
          data-component-name="Box"
        >
          <h2
            class="css-wbv4yw"
            data-component-name="H2"
          >
            Page not found
          </h2>
          <p
            class="css-1iqh4jp"
            data-component-name="Paragraph"
          >
            <span
              class="css-lo0v0o"
              data-component-name="Text"
            >
              We are sorry, but the page you requested doesn't exist.
            </span>
          </p>
        </div>
      </div>
      <a
        href="/"
      >
        <h2
          class="css-1bwodyc"
          data-component-name="H2"
        >
          go home
        </h2>
      </a>
    </div>
  </div>
</div>
`;
